// Jest Snapshot v1, https://goo.gl/fbAQLP

exports[`@cosmos expects meta schema to remain the same 1`] = `
Object {
  "types": Array [
    Object {
      "container": null,
      "database": null,
      "fields": Array [
        Object {
          "container": "Dummies",
          "database": "Test",
          "fieldname": "dummies",
          "kind": "many-root",
          "ours": null,
          "pagination": true,
          "returnMany": true,
          "returnTypename": "Dummy",
          "sortOurs": null,
          "sortable": false,
          "theirs": null,
          "whereOps": Array [],
          "whereOurs": null,
        },
      ],
      "typename": "Query",
    },
    Object {
      "container": null,
      "database": null,
      "fields": Array [
        Object {
          "container": null,
          "database": null,
          "fieldname": "id",
          "kind": "embedded",
          "ours": null,
          "pagination": false,
          "returnMany": false,
          "returnTypename": "ID",
          "sortOurs": null,
          "sortable": false,
          "theirs": null,
          "whereOps": Array [
            "eq",
            "in",
          ],
          "whereOurs": null,
        },
        Object {
          "container": null,
          "database": null,
          "fieldname": "text",
          "kind": "embedded",
          "ours": null,
          "pagination": false,
          "returnMany": false,
          "returnTypename": "String",
          "sortOurs": null,
          "sortable": false,
          "theirs": null,
          "whereOps": Array [],
          "whereOurs": null,
        },
      ],
      "typename": "Dummy",
    },
  ],
}
`;

exports[`@cosmos expects schema to remain the same 1`] = `
"schema {
  query: Query
}
type Query {
  dummies(where: DummyWhere, cursor: String, limit: Int): DummyPage!
}
type Dummy {
  id: ID!
  text: String
}
type DummyPage {
  total: Int!
  cursor: String
  nextCursor: String
  page: [Dummy]!
}
input DummyWhere {
  and: [DummyWhere!]
  or: [DummyWhere!]
  id_eq: ID
  id_in: [ID]
}"
`;
