// Jest Snapshot v1, https://goo.gl/fbAQLP

exports[`Build Cosmos AST Schema should match expected 1`] = `
"type Query {
  dummies(where: DummyWhere, cursor: String): DummyPage!
}

type Dummy {
  id: ID!
  status: Status!
  related(where: RelatedWhere, sort: RelatedSort, cursor: String): RelatedPage!
}

type Related {
  id: ID!
  name: String!
}

enum Status {
  OPEN
  CLOSE
}

input DummyWhere {
  id_eq: ID
  status_eq: Status
  status_neq: Status
}

type DummyPage {
  nextCursor: String
  total: Int!
  page: [Dummy!]!
}

input RelatedWhere {
  id_eq: ID
}

input RelatedSort {
  name_ASC: Int
  name_DESC: Int
}

type RelatedPage {
  nextCursor: String
  total: Int!
  page: [Related!]!
}
"
`;
