// Jest Snapshot v1, https://goo.gl/fbAQLP

exports[`Embedded relations expects meta schema to remain the same 1`] = `
Object {
  "types": Array [
    Object {
      "container": null,
      "cosmos": false,
      "database": null,
      "external": false,
      "fields": Array [
        Object {
          "container": null,
          "cosmos": false,
          "database": null,
          "fieldname": "embedded",
          "ours": null,
          "pagination": true,
          "returnMany": true,
          "returnTypename": "Embedded",
          "sortOurs": null,
          "sortable": false,
          "theirs": null,
          "whereOps": Array [],
          "whereOurs": null,
        },
        Object {
          "container": null,
          "cosmos": false,
          "database": null,
          "fieldname": "id",
          "ours": null,
          "pagination": false,
          "returnMany": false,
          "returnTypename": "ID",
          "sortOurs": null,
          "sortable": false,
          "theirs": null,
          "whereOps": Array [],
          "whereOurs": null,
        },
      ],
      "filterable": false,
      "sortable": false,
      "typename": "Dummy",
    },
    Object {
      "container": null,
      "cosmos": false,
      "database": null,
      "external": false,
      "fields": Array [
        Object {
          "container": null,
          "cosmos": false,
          "database": null,
          "fieldname": "id",
          "ours": null,
          "pagination": false,
          "returnMany": false,
          "returnTypename": "ID",
          "sortOurs": null,
          "sortable": false,
          "theirs": null,
          "whereOps": Array [],
          "whereOurs": null,
        },
      ],
      "filterable": false,
      "sortable": false,
      "typename": "Embedded",
    },
    Object {
      "container": null,
      "cosmos": false,
      "database": null,
      "external": false,
      "fields": Array [
        Object {
          "container": "Dummies",
          "cosmos": true,
          "database": "Test",
          "fieldname": "dummies",
          "ours": null,
          "pagination": true,
          "returnMany": true,
          "returnTypename": "Dummy",
          "sortOurs": null,
          "sortable": false,
          "theirs": null,
          "whereOps": Array [],
          "whereOurs": null,
        },
      ],
      "filterable": false,
      "sortable": false,
      "typename": "Query",
    },
  ],
}
`;

exports[`Embedded relations expects schema to remain the same 1`] = `
"schema {
  query: Query
}
type Query {
  dummies(cursor: String, limit: Int): DummyPage!
}
type Dummy {
  id: ID!
  embedded(cursor: String, limit: Int): EmbeddedPage!
}
type Embedded {
  id: ID!
}
type EmbeddedPage {
  total: Int!
  cursor: String
  nextCursor: String
  page: [Embedded]!
}
type DummyPage {
  total: Int!
  cursor: String
  nextCursor: String
  page: [Dummy]!
}"
`;
