// Jest Snapshot v1, https://goo.gl/fbAQLP

exports[`Sorting expects meta schema to remain the same 1`] = `
Object {
  "types": Array [
    Object {
      "container": null,
      "cosmos": false,
      "database": null,
      "external": false,
      "fields": Array [
        Object {
          "container": null,
          "cosmos": false,
          "database": null,
          "fieldname": "id",
          "ours": null,
          "pagination": false,
          "returnMany": false,
          "returnTypename": "ID",
          "sortOurs": null,
          "sortable": true,
          "theirs": null,
          "whereOps": Array [],
          "whereOurs": null,
        },
        Object {
          "container": null,
          "cosmos": false,
          "database": null,
          "fieldname": "name",
          "ours": null,
          "pagination": false,
          "returnMany": false,
          "returnTypename": "String",
          "sortOurs": null,
          "sortable": true,
          "theirs": null,
          "whereOps": Array [],
          "whereOurs": null,
        },
      ],
      "filterable": false,
      "sortable": true,
      "typename": "Dummy",
    },
    Object {
      "container": null,
      "cosmos": false,
      "database": null,
      "external": false,
      "fields": Array [
        Object {
          "container": "Dummies",
          "cosmos": true,
          "database": "Test",
          "fieldname": "dummies",
          "ours": null,
          "pagination": true,
          "returnMany": true,
          "returnTypename": "Dummy",
          "sortOurs": null,
          "sortable": false,
          "theirs": null,
          "whereOps": Array [],
          "whereOurs": null,
        },
      ],
      "filterable": false,
      "sortable": false,
      "typename": "Query",
    },
  ],
}
`;

exports[`Sorting expects schema to remain the same 1`] = `
"schema {
  query: Query
}
type Query {
  dummies(sort: DummySort, cursor: String, limit: Int): DummyPage!
}
type Dummy {
  id: ID!
  name: String!
}
type DummyPage {
  total: Int!
  cursor: String
  nextCursor: String
  page: [Dummy]!
}
input DummySort {
  id_ASC: Int
  id_DESC: Int
  name_ASC: Int
  name_DESC: Int
}"
`;
